
[seed] e2e account ready: e2e@oovie.dev

Running 8 tests using 1 worker

[WebServer]  ⨯ SyntaxError: Unexpected end of JSON input
[WebServer]     at JSON.parse (<anonymous>) {
[WebServer]   page: '/'
[WebServer] }
  ✓  1 [setup] › e2e/auth.setup.ts:25:6 › authenticate (45.4s)
  ✓  2 [chromium] › e2e/dashboard.spec.ts:17:7 › dashboard › overview shows KPIs, live pill and the three panels (3.5s)
  ✓  3 [chromium] › e2e/dashboard.spec.ts:40:7 › dashboard › top-bar navigates to every section (8.6s)
  ✓  4 [chromium] › e2e/dashboard.spec.ts:58:7 › dashboard › active nav follows a nested lead-detail route (3.0s)
  ✘  5 [chromium] › e2e/dashboard.spec.ts:72:7 › dashboard › pipeline table filters as you search (12.6s)
  ✘  6 [chromium] › e2e/dashboard.spec.ts:89:7 › dashboard › searching a finished deal offers it rather than coming up empty (12.7s)
  ✓  7 [chromium] › e2e/dashboard.spec.ts:100:7 › dashboard › a lead detail page opens from the pipeline (5.1s)
  ✓  8 [chromium] › e2e/dashboard.spec.ts:110:7 › dashboard › sign out returns to the public site (3.5s)


  1) [chromium] › e2e/dashboard.spec.ts:72:7 › dashboard › pipeline table filters as you search ────

    Error: expect(locator).toHaveText(expected) failed

    Locator:  locator('text=/^\\d+ of \\d+$/')
    Expected: "47 of 64"
    Received: "48 of 64"
    Timeout:  10000ms

    Call log:
      - Expect "toHaveText" with timeout 10000ms
      - waiting for locator('text=/^\\d+ of \\d+$/')
        24 × locator resolved to <span class="text-sm text-[var(--color-ink-muted)]">…</span>
           - unexpected value "48 of 64"


      77 |     // Finished deals are out of the view by default, so the first number is the
      78 |     // active count and the second is the whole book.
    > 79 |     await expect(counter).toHaveText("47 of 64");
         |                           ^
      80 |
      81 |     await search.fill("Armani");
      82 |     await expect(counter).toHaveText("1 of 64");
        at /workspaces/data-driven/e2e/dashboard.spec.ts:79:27

    attachment #1: screenshot (image/png) ──────────────────────────────────────────────────────────
    test-results/dashboard-dashboard-pipeline-table-filters-as-you-search-chromium/test-failed-1.png
    ────────────────────────────────────────────────────────────────────────────────────────────────

    Error Context: test-results/dashboard-dashboard-pipeline-table-filters-as-you-search-chromium/error-context.md

    attachment #3: trace (application/zip) ─────────────────────────────────────────────────────────
    test-results/dashboard-dashboard-pipeline-table-filters-as-you-search-chromium/trace.zip
    Usage:

        npx playwright show-trace test-results/dashboard-dashboard-pipeline-table-filters-as-you-search-chromium/trace.zip

    ────────────────────────────────────────────────────────────────────────────────────────────────

  2) [chromium] › e2e/dashboard.spec.ts:89:7 › dashboard › searching a finished deal offers it rather than coming up empty 

    Error: expect(locator).toBeVisible() failed

    Locator: getByRole('button', { name: /show everything/i }).first()
    Expected: visible
    Timeout: 10000ms
    Error: element(s) not found

    Call log:
      - Expect "toBeVisible" with timeout 10000ms
      - waiting for getByRole('button', { name: /show everything/i }).first()


      93 |
      94 |     const showAll = page.getByRole("button", { name: /show everything/i }).first();
    > 95 |     await expect(showAll).toBeVisible();
         |                           ^
      96 |     await showAll.click();
      97 |     await expect(page.getByRole("link", { name: /alibaba/i })).toBeVisible();
      98 |   });
        at /workspaces/data-driven/e2e/dashboard.spec.ts:95:27

    attachment #1: screenshot (image/png) ──────────────────────────────────────────────────────────
    test-results/dashboard-dashboard-search-c47d3-rather-than-coming-up-empty-chromium/test-failed-1.png
    ────────────────────────────────────────────────────────────────────────────────────────────────

    Error Context: test-results/dashboard-dashboard-search-c47d3-rather-than-coming-up-empty-chromium/error-context.md

    attachment #3: trace (application/zip) ─────────────────────────────────────────────────────────
    test-results/dashboard-dashboard-search-c47d3-rather-than-coming-up-empty-chromium/trace.zip
    Usage:

        npx playwright show-trace test-results/dashboard-dashboard-search-c47d3-rather-than-coming-up-empty-chromium/trace.zip

    ────────────────────────────────────────────────────────────────────────────────────────────────

  2 failed
    [chromium] › e2e/dashboard.spec.ts:72:7 › dashboard › pipeline table filters as you search ─────
    [chromium] › e2e/dashboard.spec.ts:89:7 › dashboard › searching a finished deal offers it rather than coming up empty 
  6 passed (1.8m)

To open last HTML report run:
[36m[39m
[36m  npx playwright show-report[39m
[36m[39m
